{"level":"error","message":{"event":"PRESCRIPTION_INVENTORY_AUTH_MISSING","hasApiKey":false,"hasBearerToken":false,"url":"https://inventory.example.com/api/inventory"},"timestamp":"2026-05-06T13:26:08.131Z"}
{"action_type":"LOGIN_SUCCESS","event":"EXTERNAL_AUDIT_LOG_FAILED","level":"error","message":"Admin audit API returned HTTP 400","responseBody":"{\"message\":\"No valid entries\",\"errors\":[\"entry[0]: user_id must be a valid UUID\"]}","status":400,"subsystem":"User","timestamp":"2026-05-08T08:19:05.819Z"}
{"action_type":"VIEW_PATIENT","event":"EXTERNAL_AUDIT_LOG_FAILED","level":"error","message":"Admin audit API returned HTTP 400","responseBody":"{\"message\":\"No valid entries\",\"errors\":[\"entry[0]: user_id must be a valid UUID\"]}","status":400,"subsystem":"Patient","timestamp":"2026-05-08T08:19:06.727Z"}
{"action_type":"VIEW_PATIENT","event":"EXTERNAL_AUDIT_LOG_FAILED","level":"error","message":"Admin audit API returned HTTP 400","responseBody":"{\"message\":\"No valid entries\",\"errors\":[\"entry[0]: user_id must be a valid UUID\"]}","status":400,"subsystem":"Patient","timestamp":"2026-05-08T08:19:07.074Z"}
{"action_type":"LOGOUT","event":"EXTERNAL_AUDIT_LOG_FAILED","level":"error","message":"Admin audit API returned HTTP 400","responseBody":"{\"message\":\"No valid entries\",\"errors\":[\"entry[0]: user_id must be a valid UUID\"]}","status":400,"subsystem":"User","timestamp":"2026-05-08T08:19:08.463Z"}
{"action_type":"LOGIN_FAILED","event":"EXTERNAL_AUDIT_LOG_FAILED","level":"error","message":"Admin audit API returned HTTP 400","responseBody":"{\"message\":\"No valid entries\",\"errors\":[\"entry[0]: user_id must be a valid UUID\"]}","status":400,"subsystem":"Auth","timestamp":"2026-05-08T08:19:57.354Z"}
{"action_type":"LOGIN_FAILED","event":"EXTERNAL_AUDIT_LOG_FAILED","level":"error","message":"Admin audit API returned HTTP 400","responseBody":"{\"message\":\"No valid entries\",\"errors\":[\"entry[0]: user_id must be a valid UUID\"]}","status":400,"subsystem":"Auth","timestamp":"2026-05-08T08:24:14.949Z"}
{"action_type":"LOGIN_SUCCESS","event":"EXTERNAL_AUDIT_LOG_FAILED","level":"error","message":"Admin audit API returned HTTP 400","responseBody":"{\"message\":\"No valid entries\",\"errors\":[\"entry[0]: user_id must be a valid UUID\"]}","status":400,"subsystem":"User","timestamp":"2026-05-08T08:24:48.273Z"}
{"action_type":"VIEW_PATIENT","event":"EXTERNAL_AUDIT_LOG_FAILED","level":"error","message":"Admin audit API returned HTTP 400","responseBody":"{\"message\":\"No valid entries\",\"errors\":[\"entry[0]: user_id must be a valid UUID\"]}","status":400,"subsystem":"Patient","timestamp":"2026-05-08T08:24:48.956Z"}
{"action_type":"VIEW_PATIENT","event":"EXTERNAL_AUDIT_LOG_FAILED","level":"error","message":"Admin audit API returned HTTP 400","responseBody":"{\"message\":\"No valid entries\",\"errors\":[\"entry[0]: user_id must be a valid UUID\"]}","status":400,"subsystem":"Patient","timestamp":"2026-05-08T08:24:49.145Z"}
{"action_type":"LOGOUT","event":"EXTERNAL_AUDIT_LOG_FAILED","level":"error","message":"Admin audit API returned HTTP 400","responseBody":"{\"message\":\"No valid entries\",\"errors\":[\"entry[0]: user_id must be a valid UUID\"]}","status":400,"subsystem":"User","timestamp":"2026-05-08T08:26:30.487Z"}
{"action_type":"LOGIN_SUCCESS","event":"EXTERNAL_AUDIT_LOG_FAILED","level":"error","message":"Admin audit API returned HTTP 400","responseBody":"{\"message\":\"No valid entries\",\"errors\":[\"entry[0]: user_id must be a valid UUID\"]}","status":400,"subsystem":"User","timestamp":"2026-05-08T08:42:04.643Z"}
{"action_type":"VIEW_PATIENT","event":"EXTERNAL_AUDIT_LOG_FAILED","level":"error","message":"Admin audit API returned HTTP 400","responseBody":"{\"message\":\"No valid entries\",\"errors\":[\"entry[0]: user_id must be a valid UUID\"]}","status":400,"subsystem":"Patient","timestamp":"2026-05-08T08:42:05.357Z"}
{"action_type":"VIEW_PATIENT","event":"EXTERNAL_AUDIT_LOG_FAILED","level":"error","message":"Admin audit API returned HTTP 400","responseBody":"{\"message\":\"No valid entries\",\"errors\":[\"entry[0]: user_id must be a valid UUID\"]}","status":400,"subsystem":"Patient","timestamp":"2026-05-08T08:42:05.548Z"}
{"action_type":"LOGOUT","event":"EXTERNAL_AUDIT_LOG_FAILED","level":"error","message":"Admin audit API returned HTTP 400","responseBody":"{\"message\":\"No valid entries\",\"errors\":[\"entry[0]: user_id must be a valid UUID\"]}","status":400,"subsystem":"User","timestamp":"2026-05-08T08:42:08.119Z"}
{"action_type":"LOGIN_FAILED","event":"EXTERNAL_AUDIT_LOG_FAILED","level":"error","message":"Admin audit API returned HTTP 400","responseBody":"{\"message\":\"No valid entries\",\"errors\":[\"entry[0]: user_id must be a valid UUID\"]}","status":400,"subsystem":"Auth","timestamp":"2026-05-08T08:45:55.979Z"}
{"action_type":"LOGIN_FAILED","event":"EXTERNAL_AUDIT_LOG_FAILED","level":"error","message":"Admin audit API returned HTTP 400","responseBody":"{\"message\":\"No valid entries\",\"errors\":[\"entry[0]: user_id must be a valid UUID\"]}","status":400,"subsystem":"Auth","timestamp":"2026-05-08T08:46:15.468Z"}
{"level":"error","message":{"event":"STAFF_PROVIDER_LOOKUP_FAILED","responseBody":"{\"message\":\"API key required\"}","status":401,"url":"https://healthcare-staff-management-api-648283514768.asia-southeast1.run.app/api/v1/staff/public/pms/staff"},"timestamp":"2026-05-10T14:22:43.647Z"}
{"level":"error","message":{"event":"STAFF_PROVIDER_LOOKUP_FAILED","responseBody":"{\"message\":\"API key required\"}","status":401,"url":"https://healthcare-staff-management-api-648283514768.asia-southeast1.run.app/api/v1/staff/public/pms/staff"},"timestamp":"2026-05-10T14:24:32.421Z"}
{"action_type":"UNAUTHORIZED_ACCESS","event":"EXTERNAL_AUDIT_LOG_FAILED","level":"error","message":"Admin audit API returned HTTP 400","responseBody":"{\"message\":\"No valid entries\",\"errors\":[\"entry[0]: user_id must be a valid UUID\"]}","status":400,"subsystem":"Auth","timestamp":"2026-05-10T14:24:54.986Z"}
{"level":"error","message":{"event":"STAFF_PROVIDER_LOOKUP_FAILED","responseBody":"{\"message\":\"API key required\"}","status":401,"url":"https://healthcare-staff-management-api-648283514768.asia-southeast1.run.app/api/v1/staff/public/pms/staff"},"timestamp":"2026-05-10T14:25:06.092Z"}
{"level":"error","message":{"event":"STAFF_PROVIDER_LOOKUP_FAILED","responseBody":"{\"message\":\"API key required\"}","status":401,"url":"https://healthcare-staff-management-api-648283514768.asia-southeast1.run.app/api/v1/staff/public/pms/staff"},"timestamp":"2026-05-10T14:26:18.563Z"}
{"level":"error","message":{"event":"STAFF_PROVIDER_LOOKUP_FAILED","responseBody":"{\"message\":\"API key required\"}","status":401,"url":"https://healthcare-staff-management-api-648283514768.asia-southeast1.run.app/api/v1/staff/public/pms/staff"},"timestamp":"2026-05-10T14:27:21.116Z"}
{"level":"error","message":{"event":"STAFF_PROVIDER_LOOKUP_FAILED","responseBody":"{\"message\":\"API key required\"}","status":401,"url":"https://healthcare-staff-management-api-648283514768.asia-southeast1.run.app/api/v1/staff/public/pms/staff"},"timestamp":"2026-05-10T14:27:31.396Z"}
{"level":"error","message":{"event":"STAFF_PROVIDER_LOOKUP_FAILED","responseBody":"{\"message\":\"API key required\"}","status":401,"url":"https://healthcare-staff-management-api-648283514768.asia-southeast1.run.app/api/v1/staff/public/pms/staff"},"timestamp":"2026-05-10T14:28:46.542Z"}
{"level":"error","message":{"event":"STAFF_PROVIDER_LOOKUP_FAILED","responseBody":"{\"message\":\"API key required\"}","status":401,"url":"https://healthcare-staff-management-api-648283514768.asia-southeast1.run.app/api/v1/staff/public/pms/staff"},"timestamp":"2026-05-10T14:31:36.368Z"}
{"level":"error","message":{"event":"STAFF_PROVIDER_LOOKUP_FAILED","responseBody":"{\"message\":\"API key required\"}","status":401,"url":"https://healthcare-staff-management-api-648283514768.asia-southeast1.run.app/api/v1/staff/public/pms/staff"},"timestamp":"2026-05-10T14:31:39.205Z"}
{"level":"error","message":{"event":"STAFF_PROVIDER_LOOKUP_FAILED","responseBody":"{\"message\":\"API key required\"}","status":401,"url":"https://healthcare-staff-management-api-648283514768.asia-southeast1.run.app/api/v1/staff/public/pms/staff"},"timestamp":"2026-05-10T14:31:45.339Z"}
{"level":"error","message":{"event":"STAFF_PROVIDER_LOOKUP_FAILED","responseBody":"{\"message\":\"API key required\"}","status":401,"url":"https://healthcare-staff-management-api-648283514768.asia-southeast1.run.app/api/v1/staff/public/pms/staff"},"timestamp":"2026-05-10T14:31:51.077Z"}
{"level":"error","message":{"event":"STAFF_PROVIDER_LOOKUP_FAILED","responseBody":"{\"message\":\"API key required\"}","status":401,"url":"https://healthcare-staff-management-api-648283514768.asia-southeast1.run.app/api/v1/staff/public/pms/staff"},"timestamp":"2026-05-10T14:31:58.141Z"}
{"level":"error","message":{"event":"STAFF_PROVIDER_LOOKUP_FAILED","responseBody":"{\"message\":\"API key required\"}","status":401,"url":"https://healthcare-staff-management-api-648283514768.asia-southeast1.run.app/api/v1/staff/public/pms/staff"},"timestamp":"2026-05-10T14:32:35.780Z"}
{"level":"error","message":{"event":"STAFF_PROVIDER_LOOKUP_FAILED","responseBody":"{\"message\":\"API key required\"}","status":401,"url":"https://healthcare-staff-management-api-648283514768.asia-southeast1.run.app/api/v1/staff/public/pms/staff"},"timestamp":"2026-05-10T14:33:20.750Z"}
{"level":"error","message":{"event":"STAFF_PROVIDER_LOOKUP_FAILED","responseBody":"{\"message\":\"API key required\"}","status":401,"url":"https://healthcare-staff-management-api-648283514768.asia-southeast1.run.app/api/v1/staff/public/pms/staff"},"timestamp":"2026-05-10T14:34:41.541Z"}
{"level":"error","message":{"event":"STAFF_PROVIDER_LOOKUP_FAILED","responseBody":"{\"message\":\"API key required\"}","status":401,"url":"https://healthcare-staff-management-api-648283514768.asia-southeast1.run.app/api/v1/staff/public/pms/staff"},"timestamp":"2026-05-10T14:35:59.867Z"}
{"level":"error","message":{"event":"STAFF_PROVIDER_LOOKUP_FAILED","responseBody":"{\"message\":\"API key required\"}","status":401,"url":"https://healthcare-staff-management-api-648283514768.asia-southeast1.run.app/api/v1/staff/public/pms/staff"},"timestamp":"2026-05-10T14:36:17.903Z"}
